layer at (0,0) size 800x600
  RenderView at (0,0) size 800x600
layer at (0,0) size 800x600
  RenderBlock {HTML} at (0,0) size 800x600
    RenderBody {BODY} at (8,8) size 784x584
      RenderText {#text} at (0,0) size 682x82
        text run at (0,0) width 682: "This is just a minimal page that we navigate in"
        text run at (0,41) width 408: "response to an HTTP POST. "
      RenderBR {BR} at (407,75) size 1x0
      RenderBR {BR} at (0,82) size 0x41
      RenderText {#text} at (0,123) size 748x123
        text run at (0,123) width 746: "If the next line is empty after the colon, it probably"
        text run at (0,164) width 321: "means that we made "
        text run at (320,164) width 428: "a mistake and requested this"
        text run at (0,205) width 737: "page with a GET with no query instead of a POST. "
      RenderBR {BR} at (736,239) size 1x0
      RenderBR {BR} at (0,246) size 0x41
      RenderText {#text} at (0,287) size 722x82
        text run at (0,287) width 722: "The first text field contained: New form text from"
        text run at (0,328) width 72: "user "
      RenderBR {BR} at (71,362) size 1x0
      RenderText {#text} at (0,369) size 637x41
        text run at (0,369) width 637: "This page was requested with an HTTP GET"

============== Back Forward List ==============
        http://127.0.0.1:8000/navigation/postredirect-goback1.html  **nav target**
        http://127.0.0.1:8000/navigation/resources/success200.html  **nav target**
curr->  http://127.0.0.1:8000/navigation/resources/postresult.pl?submitwithpostredirect=Submit%20with%20POST%20followed%20by%20a%20redirect&textfield1=New%20form%20text%20from%20user&textfield2=&radiogroup1=female&checkbox2=on&selectgroup1=fiat&textarea1=More%20new%20form%20text%20from%20user%2C%20which%20should%20be%20restored%20when%20we%20return%20to%20this%20page.&redirectHappened=true  **nav target**
        http://127.0.0.1:8000/navigation/resources/otherpage.html  **nav target**
===============================================
