layer at (0,0) size 800x600
  RenderView at (0,0) size 800x600
layer at (0,0) size 800x600
  RenderBlock {HTML} at (0,0) size 800x600
    RenderBody {BODY} at (8,8) size 784x576
      RenderBlock {P} at (0,0) size 784x42
        RenderText {#text} at (0,0) size 773x42
          text run at (0,0) width 157: "This test verifies that "
          text run at (156,0) width 617: "accessing a frame's document while it is still loading does not prevent the load, but"
          text run at (0,21) width 368: "can access at least a temporary empty document."
      RenderBlock (anonymous) at (0,58) size 784x122
        RenderIFrame {IFRAME} at (0,0) size 300x40
          layer at (0,0) size 300x40
            RenderView at (0,0) size 300x40
          layer at (0,0) size 300x40
            RenderBlock {HTML} at (0,0) size 300x40
              RenderBody {BODY} at (8,8) size 284x24
                RenderText {#text} at (0,0) size 65x21
                  text run at (0,0) width 65: "SUCCESS"
        RenderBR {BR} at (300,40) size 0x0
        RenderIFrame {IFRAME} at (0,40) size 300x40
          layer at (0,0) size 300x40
            RenderView at (0,0) size 300x40
          layer at (0,0) size 300x40
            RenderBlock {HTML} at (0,0) size 300x40
              RenderBody {BODY} at (8,8) size 284x24
                RenderText {#text} at (0,0) size 65x21
                  text run at (0,0) width 65: "SUCCESS"
        RenderBR {BR} at (300,80) size 0x0
        RenderText {#text} at (0,80) size 180x21
          text run at (0,80) width 180: "[object HTMLDocument]"
        RenderBR {BR} at (179,97) size 1x0
        RenderText {#text} at (0,101) size 180x21
          text run at (0,101) width 180: "[object HTMLDocument]"
      RenderBlock {P} at (0,196) size 784x21
        RenderText {#text} at (0,0) size 687x21
          text run at (0,0) width 687: "If this test passes, you should see SUCCESS twice, followed by [object HTMLDocument] twice."
