layer at (0,0) size 800x600
  RenderView at (0,0) size 800x600
layer at (0,0) size 800x600
  RenderBlock {HTML} at (0,0) size 800x600
    RenderBody {BODY} at (8,8) size 784x584
      RenderTable {TABLE} at (0,0) size 207x27
        RenderTableSection {TBODY} at (0,0) size 207x27
          RenderTableRow {TR} at (0,2) size 207x23
            RenderTableCell {TD} at (2,2) size 203x23 [r=0 c=0 rs=1 cs=1]
              RenderBlock {DIV} at (1,1) size 201x21
                RenderText {#text} at (0,0) size 196x21
                  text run at (0,0) width 196: "This text should not break "
                RenderInline (generated) at (0,0) size 6x21
                  RenderText at (195,0) size 6x21
                    text run at (195,0) width 6: "."
