layer at (0,0) size 800x600
  RenderView at (0,0) size 800x600
layer at (0,0) size 800x600
  RenderBlock {HTML} at (0,0) size 800x600
    RenderBody {BODY} at (8,8) size 784x584
      RenderBlock {P} at (0,0) size 784x42
        RenderText {#text} at (0,0) size 60x21
          text run at (0,0) width 60: "Test for "
        RenderInline {A} at (0,0) size 65x21 [color=#0000EE]
          RenderText {#text} at (59,0) size 65x21
            text run at (59,0) width 65: "bug 8121"
        RenderText {#text} at (123,0) size 318x21
          text run at (123,0) width 318: ": REGRESSION: 404s are not displayed and "
        RenderInline {A} at (0,0) size 68x21 [color=#0000EE]
          RenderText {#text} at (440,0) size 68x21
            text run at (440,0) width 68: "bug 7739"
        RenderText {#text} at (507,0) size 741x42
          text run at (507,0) width 234: ": REGRESSION: Assertion failure"
          text run at (0,21) width 445: "loading acid2 test in -[WebCoreFrameBridge installInFrame:]"
      RenderBlock {P} at (0,58) size 784x42
        RenderText {#text} at (0,0) size 775x42
          text run at (0,0) width 187: "Here is an invalid iframe. "
          text run at (186,0) width 589: "It should contain a 404 error message, not any green fallback text. Note this will"
          text run at (0,21) width 299: "only work if this page is fetched via http."
      RenderBlock (anonymous) at (0,116) size 784x184
        RenderIFrame {IFRAME} at (0,0) size 553x184 [border: (2px inset #000000)]
          layer at (0,0) size 549x180
            RenderView at (0,0) size 549x180
          layer at (0,0) size 549x180
            RenderBlock {HTML} at (0,0) size 549x180
              RenderBody {BODY} at (8,8) size 533x164
                RenderText {#text} at (0,0) size 429x21
                  text run at (0,0) width 429: "This 404 error was intentionally generated by a test script."
        RenderText {#text} at (0,0) size 0x0
      RenderBlock {P} at (0,316) size 784x21
        RenderText {#text} at (0,0) size 571x21
          text run at (0,0) width 185: "Here is an invalid object. "
          text run at (184,0) width 387: "It should be rendered with some green fallback text."
      RenderBlock (anonymous) at (0,353) size 784x21
        RenderInline {OBJECT} at (0,0) size 90x21
          RenderText {#text} at (0,0) size 0x0
          RenderInline {SPAN} at (0,0) size 90x21 [color=#008000]
            RenderText {#text} at (0,0) size 90x21
              text run at (0,0) width 90: "fallback text"
          RenderText {#text} at (0,0) size 0x0
        RenderText {#text} at (0,0) size 0x0
